
There are no discarded input sections

Memory Configuration

Name             Origin             Length             Attributes
FLASH            0x00000000         0x00040000         xr
RAM              0x20000000         0x00010000         xrw
*default*        0x00000000         0xffffffff

Linker script and memory map

LOAD main.o
LOAD startup.o

.text           0x00000000       0xc0
 *(.isr_vector)
 .isr_vector    0x00000000       0x2c startup.o
                0x00000000                vectors
 *(.text)
 .text          0x0000002c       0x2c main.o
                0x0000002c                main
 .text          0x00000058       0x68 startup.o
                0x00000058                HardFault_Handler
                0x00000058                NMI_Handler
                0x00000058                UsageFault_Handler
                0x00000058                Default_Handler
                0x00000058                MemManage_Handler
                0x00000058                BusFault_Handler
                0x0000005e                Reset_Handler
 *(.text*)
 *(.rodata)
                0x000000c0                        . = ALIGN (0x4)
                0x000000c0                        _end_text = .

.glue_7         0x000000c0        0x0
 .glue_7        0x000000c0        0x0 linker stubs

.glue_7t        0x000000c0        0x0
 .glue_7t       0x000000c0        0x0 linker stubs

.vfp11_veneer   0x000000c0        0x0
 .vfp11_veneer  0x000000c0        0x0 linker stubs

.v4_bx          0x000000c0        0x0
 .v4_bx         0x000000c0        0x0 linker stubs

.iplt           0x000000c0        0x0
 .iplt          0x000000c0        0x0 main.o

.rel.dyn        0x000000c0        0x0
 .rel.iplt      0x000000c0        0x0 main.o

.data           0x20000000        0x8 load address 0x000000c0
                0x20000000                        _start_data = .
 *(.data)
 .data          0x20000000        0x8 main.o
                0x20000000                a
                0x20000004                b
 .data          0x20000008        0x0 startup.o
 *(.data*)
                0x20000008                        . = ALIGN (0x4)
                0x20000008                        _end_data = .

.igot.plt       0x20000008        0x0 load address 0x000000c8
 .igot.plt      0x20000008        0x0 main.o

.bss            0x20000008        0x4 load address 0x000000c8
                0x20000008                        _start_bss = .
 *(.bss)
 .bss           0x20000008        0x4 main.o
                0x20000008                c
 .bss           0x2000000c        0x0 startup.o
 *(.bss*)
 *(COMMON)
                0x2000000c                        . = ALIGN (0x4)
                0x2000000c                        _end_bss = .
OUTPUT(final.elf elf32-littlearm)
LOAD linker stubs

.debug_info     0x00000000      0x197
 .debug_info    0x00000000       0x7a main.o
 .debug_info    0x0000007a      0x11d startup.o

.debug_abbrev   0x00000000      0x13e
 .debug_abbrev  0x00000000       0x60 main.o
 .debug_abbrev  0x00000060       0xde startup.o

.debug_aranges  0x00000000       0x40
 .debug_aranges
                0x00000000       0x20 main.o
 .debug_aranges
                0x00000020       0x20 startup.o

.debug_line     0x00000000       0xb2
 .debug_line    0x00000000       0x42 main.o
 .debug_line    0x00000042       0x70 startup.o

.debug_str      0x00000000      0x115
 .debug_str     0x00000000      0x115 main.o
                                 0x82 (size before relaxing)
 .debug_str     0x00000115        0x0 startup.o
                                0x10e (size before relaxing)

.comment        0x00000000       0x12
 .comment       0x00000000       0x12 main.o
                                 0x13 (size before relaxing)
 .comment       0x00000012        0x0 startup.o
                                 0x13 (size before relaxing)

.ARM.attributes
                0x00000000       0x2d
 .ARM.attributes
                0x00000000       0x2d main.o
 .ARM.attributes
                0x0000002d       0x2d startup.o

.debug_frame    0x00000000       0x78
 .debug_frame   0x00000000       0x30 main.o
 .debug_frame   0x00000030       0x48 startup.o
